[    0.000000] Linux version 4.15.0-96-generic (buildd@lgw01-amd64-004) (gcc version 7.5.0 (Ubuntu 7.5.0-3ubuntu1~18.04)) #97-Ubuntu SMP Wed Apr 1 03:25:46 UTC 2020 (Ubuntu 4.15.0-96.97-generic 4.15.18)
[    0.000000] Command line: BOOT_IMAGE=/boot/vmlinuz-4.15.0-96-generic root=LABEL=cloudimg-rootfs ro console=tty1 console=ttyS0
[    0.000000] KERNEL supported cpus:
[    0.000000]   Intel GenuineIntel
[    0.000000]   AMD AuthenticAMD
[    0.000000]   Centaur CentaurHauls
[    0.000000] x86/fpu: Supporting XSAVE feature 0x001: 'x87 floating point registers'
[    0.000000] x86/fpu: Supporting XSAVE feature 0x002: 'SSE registers'
[    0.000000] x86/fu: Supporting XSAVE feature 0x004: 'AVX registers'
[    0.000000] x86/fpu: xstate_offset[2]:  576, xstate_sizes[2]:  256
[    0.000000] x86/fpu: Enabled xstate features 0x7, context size is 832 bytes, using 'standard' format.
[    0.000000] e820: BIOS-provided physical RAM map:
[    0.000000] BIOS-e820: [mem 0x0000000000000000-0x000000000009fbff] usable
[    0.000000] BIOS-e820: [mem 0x000000000009fc00-0x000000000009ffff] reserved
[    0.000000] BIOS-e820: [mem 0x00000000000f0000-0x00000000000fffff] reserved
[    0.000000] BIOS-e820: [mem 0x0000000000100000-0x000000003ffeffff] usable
[    0.000000] BIOS-e820: [mem 0x000000003fff0000-0x000000003fffffff] ACPI data
[    0.000000] BIOS-e820: [mem 0x00000000fec00000-0x00000000fec00fff] reserved
[    0.000000] BIOS-e820: [mem 0x00000000fee00000-0x00000000fee00fff] reserved
[    0.000000] BIOS-e820: [mem 0x00000000fffc0000-0x00000000ffffffff] reserved
[    0.000000] NX (Execute Disable) protection: active
[    0.000000] SMBIOS 2.5 present.
[    0.000000] DMI: innotek GmbH VirtualBox/VirtualBox, BIOS VirtualBox 12/01/2006
[    0.000000] Hypervisor detected: KVM
[    0.000000] e820: last_pfn = 0x3fff0 max_arch_pfn = 0x400000000
[    0.000000] MTRR: Disabled
[    0.000000] x86/PAT: MTRRs disabled, skipping PAT initialization too.
[    0.000000] CPU MTRRs all blank - virtualized system.
[    0.000000] x86/PAT: Configuration [0-7]: WB  WT  UC- UC  WB  WT  UC- UC  
[    0.000000] found SMP MP-table at [mem 0x0009fff0-0x0009ffff]
[    0.000000] Scanning 1 areas for low memory corruption
[    0.000000] RAMDISK: [mem 0x35a6d000-0x36d2dfff]
[    0.000000] ACPI: Early table checksum verification disabled
[    0.000000] ACPI: RSDP 0x00000000000E0000 000024 (v02 VBOX  )
[    0.000000] ACPI: XSDT 0x000000003FFF0030 00003C (v01 VBOX   VBOXXSDT 00000001 ASL  00000061)
[    0.000000] ACPI: FACP 0x000000003FFF00F0 0000F4 (v04 VBOX   VBOXFACP 00000001 ASL  00000061)
[    0.000000] ACPI: DSDT 0x000000003FFF0470 002325 (v02 VBOX   VBOXBIOS 00000002 INTL 20100528)
[    0.000000] ACPI: FACS 0x000000003FFF0200 000040
[    0.000000] ACPI: FACS 0x000000003FFF0200 000040
[    0.000000] ACPI: APIC 0x000000003FFF0240 00005C (v02 VBOX   VBOXAPIC 00000001 ASL  00000061)
[    0.000000] ACPI: SSDT 0x000000003FFF02A0 0001CC (v01 VBOX   VBOXCPUT 00000002 INTL 20100528)
[    0.000000] No NUMA configuration found
[    0.000000] Faking a node at [mem 0x0000000000000000-0x000000003ffeffff]
[    0.000000] NODE_DATA(0) allocated [mem 0x3ffc5000-0x3ffeffff]
[    0.000000] kvm-clock: cpu 0, msr 0:3ff44001, primary cpu clock
[    0.000000] kvm-clock: Using msrs 4b564d01 and 4b564d00
[    0.000000] kvm-clock: using sched offset of 7326711596 cycles
[    0.000000] clocksource: kvm-clock: mask: 0xffffffffffffffff max_cycles: 0x1cd42e4dffb, max_idle_ns: 881590591483 ns
[    0.000000] Zone ranges:
[    0.000000]   DMA      [mem 0x0000000000001000-0x0000000000ffffff]
[    0.000000]   DMA32    [mem 0x0000000001000000-0x000000003ffeffff]
[    0.000000]   Normal   empty
[    0.000000]   Device   empty
[    0.000000] Movable zone start for each node
[    0.000000] Early memory node ranges
[    0.000000]   node   0: [mem 0x0000000000001000-0x000000000009efff]
[    0.000000]   node   0: [mem 0x0000000000100000-0x000000003ffeffff]
[    0.000000] Reserved but unavailable: 98 pages
[    0.000000] Initmem setup node 0 [mem 0x0000000000001000-0x000000003ffeffff]
[    0.000000] ACPI: PM-Timer IO Port: 0x4008
[    0.000000] IOAPIC[0]: apic_id 2, version 32, address 0xfec00000, GSI 0-23
[    0.000000] ACPI: INT_SRC_OVR (bus 0 bus_irq 0 global_irq 2 dfl dfl)
[    0.000000] ACPI: INT_SRC_OVR (bus 0 bus_irq 9 global_irq 9 low level)
[    0.000000] Using ACPI (MADT) for SMP configuration information
[    0.000000] smpboot: Allowing 2 CPUs, 0 hotplug CPUs
[    0.000000] PM: Registered nosave memory: [mem 0x00000000-0x00000fff]
[    0.000000] PM: Registered nosave memory: [mem 0x0009f000-0x0009ffff]
[    0.000000] PM: Registered nosave memory: [mem 0x000a0000-0x000effff]
[    0.000000] PM: Registered nosave memory: [mem 0x000f0000-0x000fffff]
[    0.000000] e820: [mem 0x40000000-0xfebfffff] available for PCI devices
[    0.000000] Booting paravirtualized kernel on KVM
[    0.000000] clocksource: refined-jiffies: mask: 0xffffffff max_cycles: 0xffffffff, max_idle_ns: 7645519600211568 ns
[    0.000000] random: get_random_bytes called from start_kernel+0x99/0x4fd with crng_init=0
[    0.000000] setup_percpu: NR_CPUS:8192 nr_cpumask_bits:2 nr_cpu_ids:2 nr_node_ids:1
[    0.000000] percpu: Embedded 45 pages/cpu s147456 r8192 d28672 u1048576
[    0.000000] PV qspinlock hash table entries: 256 (order: 0, 4096 bytes)
[    0.000000] Built 1 zonelists, mobility grouping on.  Total pages: 257913
[    0.000000] Policy zone: DMA32
[    0.000000] Kernel command line: BOOT_IMAGE=/boot/vmlinuz-4.15.0-96-generic root=LABEL=cloudimg-rootfs ro console=tty1 console=ttyS0
[    0.000000] Memory: 983064K/1048120K available (12300K kernel code, 2481K rwdata, 4264K rodata, 2432K init, 2712K bss, 65056K reserved, 0K cma-reserved)
[    0.000000] SLUB: HWalign=64, Order=0-3, MinObjects=0, CPUs=2, Nodes=1
[    0.000000] Kernel/User page tables isolation: enabled
[    0.000000] ftrace: allocating 39351 entries in 154 pages
[    0.004000] Hierarchical RCU implementation.
[    0.004000] 	RCU restricting CPUs from NR_CPUS=8192 to nr_cpu_ids=2.
[    0.004000] 	Tasks RCU enabled.
[    0.004000] RCU: Adjusting geometry for rcu_fanout_leaf=16, nr_cpu_ids=2
[    0.004000] NR_IRQS: 524544, nr_irqs: 440, preallocated irqs: 16
[    0.004000] Console: colour VGA+ 80x25
[    0.004000] console [tty1] enabled
[    0.004000] console [ttyS0] enabled
[    0.004000] ACPI: Core revision 20170831
[    0.004000] ACPI: 2 ACPI AML tables successfully acquired and loaded
[    0.004000] APIC: Switch to symmetric I/O mode setup
[    0.004000] x2apic enabled
[    0.004000] Switched APIC routing to physical x2apic.
[    0.006190] ..TIMER: vector=0x30 apic1=0 pin1=2 apic2=-1 pin2=-1
[    0.008002] tsc: Detected 1799.999 MHz processor
[    0.009510] Calibrating delay loop (skipped) preset value.. 3599.99 BogoMIPS (lpj=7199996)
[    0.012003] pid_max: default: 32768 minimum: 301
[    0.013706] Security Framework initialized
[    0.016002] Yama: becoming mindful.
[    0.017292] AppArmor: AppArmor initialized
[    0.024121] Dentry cache hash table entries: 131072 (order: 8, 1048576 bytes)
[    0.028108] Inode-cache hash table entries: 65536 (order: 7, 524288 bytes)
[    0.032037] Mount-cache hash table entries: 2048 (order: 2, 16384 bytes)
[    0.036012] Mountpoint-cache hash table entries: 2048 (order: 2, 16384 bytes)
[    0.040224] Last level iTLB entries: 4KB 64, 2MB 8, 4MB 8
[    0.042835] Last level dTLB entries: 4KB 64, 2MB 0, 4MB 0, 1GB 4
[    0.044005] Spectre V1 : Mitigation: usercopy/swapgs barriers and __user pointer sanitization
[    0.048007] Spectre V2 : Mitigation: Full generic retpoline
[    0.052005] Spectre V2 : Spectre v2 / SpectreRSB mitigation: Filling RSB on context switch
[    0.056004] Speculative Store Bypass: Vulnerable
[    0.058139] MDS: Mitigation: Clear CPU buffers
[    0.060520] Freeing SMP alternatives memory: 36K
[    0.176644] smpboot: CPU0: Intel(R) Core(TM) i5-8250U CPU @ 1.60GHz (family: 0x6, model: 0x8e, stepping: 0xa)
[    0.180184] Performance Events: unsupported p6 CPU model 142 no PMU driver, software events only.
[    0.184094] Hierarchical SRCU implementation.
[    0.189227] NMI watchdog: Perf event create on CPU 0 failed with -2
[    0.192004] NMI watchdog: Perf NMI watchdog permanently disabled
[    0.196025] smp: Bringing up secondary CPUs ...
[    0.198525] x86: Booting SMP configuration:
[    0.200006] .... node  #0, CPUs:      #1
[    0.004000] kvm-clock: cpu 1, msr 0:3ff44041, secondary cpu clock
[    0.208010] smp: Brought up 1 node, 2 CPUs
[    0.210097] smpboot: Max logical packages: 1
[    0.212010] smpboot: Total of 2 processors activated (7199.99 BogoMIPS)
[    0.216008] devtmpfs: initialized
[    0.217892] x86/mm: Memory block size: 128MB
[    0.220000] evm: security.selinux
[    0.220006] evm: security.SMACK64
[    0.224003] evm: security.SMACK64EXEC
[    0.225930] evm: security.SMACK64TRANSMUTE
[    0.228003] evm: security.SMACK64MMAP
[    0.229897] evm: security.apparmor
[    0.232012] evm: security.ima
[    0.233620] evm: security.capability
[    0.236238] clocksource: jiffies: mask: 0xffffffff max_cycles: 0xffffffff, max_idle_ns: 7645041785100000 ns
[    0.240017] futex hash table entries: 512 (order: 3, 32768 bytes)
[    0.252056] pinctrl core: initialized pinctrl subsystem
[    0.256228] RTC time: 20:17:01, date: 08/28/20
[    0.258938] NET: Registered protocol family 16
[    0.260198] audit: initializing netlink subsys (disabled)
[    0.264078] audit: type=2000 audit(1598645829.795:1): state=initialized audit_enabled=0 res=1
[    0.268025] cpuidle: using governor ladder
[    0.269441] cpuidle: using governor menu
[    0.272088] ACPI: bus type PCI registered
[    0.273818] acpiphp: ACPI Hot Plug PCI Controller Driver version: 0.5
[    0.276140] PCI: Using configuration type 1 for base access
[    0.281125] HugeTLB registered 2.00 MiB page size, pre-allocated 0 pages
[    0.284102] ACPI: Added _OSI(Module Device)
[    0.285705] ACPI: Added _OSI(Processor Device)
[    0.288015] ACPI: Added _OSI(3.0 _SCP Extensions)
[    0.290356] ACPI: Added _OSI(Processor Aggregator Device)
[    0.292017] ACPI: Added _OSI(Linux-Dell-Video)
[    0.296005] ACPI: Added _OSI(Linux-Lenovo-NV-HDMI-Audio)
[    0.298537] ACPI: Added _OSI(Linux-HPI-Hybrid-Graphics)
[    0.300737] ACPI: Executed 1 blocks of module-level executable AML code
[    0.315654] ACPI: Interpreter enabled
[    0.316032] ACPI: (supports S0 S5)
[    0.317872] ACPI: Using IOAPIC for interrupt routing
[    0.320668] PCI: Using host bridge windows from ACPI; if necessary, use "pci=nocrs" and report a bug
[    0.324457] ACPI: Enabled 2 GPEs in block 00 to 07
[    0.347153] ACPI: PCI Root Bridge [PCI0] (domain 0000 [bus 00-ff])
[    0.348014] acpi PNP0A03:00: _OSC: OS supports [ASPM ClockPM Segments MSI]
[    0.353510] acpi PNP0A03:00: _OSC: not requesting OS control; OS requires [ExtendedConfig ASPM ClockPM MSI]
[    0.360034] acpi PNP0A03:00: fail to add MMCONFIG information, can't access extended PCI configuration space under this bridge.
[    0.365070] PCI host bridge to bus 0000:00
[    0.368015] pci_bus 0000:00: root bus resource [io  0x0000-0x0cf7 window]
[    0.372006] pci_bus 0000:00: root bus resource [io  0x0d00-0xffff window]
[    0.375411] pci_bus 0000:00: root bus resource [mem 0x000a0000-0x000bffff window]
[    0.376006] pci_bus 0000:00: root bus resource [mem 0x40000000-0xfdffffff window]
[    0.380006] pci_bus 0000:00: root bus resource [bus 00-ff]
[    0.392072] pci 0000:00:01.1: legacy IDE quirk: reg 0x10: [io  0x01f0-0x01f7]
[    0.395662] pci 0000:00:01.1: legacy IDE quirk: reg 0x14: [io  0x03f6]
[    0.396008] pci 0000:00:01.1: legacy IDE quirk: reg 0x18: [io  0x0170-0x0177]
[    0.400005] pci 0000:00:01.1: legacy IDE quirk: reg 0x1c: [io  0x0376]
[    0.435376] pci 0000:00:07.0: quirk: [io  0x4000-0x403f] claimed by PIIX4 ACPI
[    0.436036] pci 0000:00:07.0: quirk: [io  0x4100-0x410f] claimed by PIIX4 SMB
[    0.454710] ACPI: PCI Interrupt Link [LNKA] (IRQs 5 9 10 *11)
[    0.456896] ACPI: PCI Interrupt Link [LNKB] (IRQs 5 9 *10 11)
[    0.460314] ACPI: PCI Interrupt Link [LNKC] (IRQs 5 *9 10 11)
[    0.464318] ACPI: PCI Interrupt Link [LNKD] (IRQs 5 9 10 *11)
[    0.468431] SCSI subsystem initialized
[    0.470633] pci 0000:00:02.0: vgaarb: setting as boot VGA device
[    0.470962] pci 0000:00:02.0: vgaarb: VGA device added: decodes=io+mem,owns=io+mem,locks=none
[    0.472011] pci 0000:00:02.0: vgaarb: bridge control possible
[    0.474768] vgaarb: loaded
[    0.476054] ACPI: bus type USB registered
[    0.480038] usbcore: registered new interface driver usbfs
[    0.482734] usbcore: registered new interface driver hub
[    0.484040] usbcore: registered new device driver usb
[    0.488107] EDAC MC: Ver: 3.0.0
[    0.490361] PCI: Using ACPI for IRQ routing
[    0.492607] NetLabel: Initializing
[    0.494390] NetLabel:  domain hash size = 128
[    0.496004] NetLabel:  protocols = UNLABELED CIPSOv4 CALIPSO
[    0.500038] NetLabel:  unlabeled traffic allowed by default
[    0.504169] clocksource: Switched to clocksource kvm-clock
[    0.573203] VFS: Disk quotas dquot_6.6.0
[    0.576457] VFS: Dquot-cache hash table entries: 512 (order 0, 4096 bytes)
[    0.582657] AppArmor: AppArmor Filesystem Enabled
[    0.586159] pnp: PnP ACPI init
[    0.590703] pnp: PnP ACPI: found 3 devices
[    0.609590] clocksource: acpi_pm: mask: 0xffffff max_cycles: 0xffffff, max_idle_ns: 2085701024 ns
[    0.614217] NET: Registered protocol family 2
[    0.616871] TCP established hash table entries: 8192 (order: 4, 65536 bytes)
[    0.620569] TCP bind hash table entries: 8192 (order: 5, 131072 bytes)
[    0.638875] TCP: Hash tables configured (established 8192 bind 8192)
[    0.642253] UDP hash table entries: 512 (order: 2, 16384 bytes)
[    0.645207] UDP-Lite hash table entries: 512 (order: 2, 16384 bytes)
[    0.648254] NET: Registered protocol family 1
[    0.650576] pci 0000:00:00.0: Limiting direct PCI/PCI transfers
[    0.653687] pci 0000:00:01.0: Activating ISA DMA hang workarounds
[    0.656782] pci 0000:00:02.0: Video device with shadowed ROM at [mem 0x000c0000-0x000dffff]
[    0.661258] Unpacking initramfs...
[    1.669277] Freeing initrd memory: 19204K
[    1.671478] clocksource: tsc: mask: 0xffffffffffffffff max_cycles: 0x19f228ab7a2, max_idle_ns: 440795289252 ns
[    1.676793] platform rtc_cmos: registered platform RTC device (no PNP device found)
[    1.680755] Scanning for low memory corruption every 60 seconds
[    1.685504] Initialise system trusted keyrings
[    1.687466] Key type blacklist registered
[    1.689505] workingset: timestamp_bits=36 max_order=18 bucket_order=0
[    1.694730] zbud: loaded
[    1.697725] squashfs: version 4.0 (2009/01/31) Phillip Lougher
[    1.700747] fuse init (API version 7.26)
[    1.710801] Key type asymmetric registered
[    1.712879] Asymmetric key parser 'x509' registered
[    1.715059] Block layer SCSI generic (bsg) driver version 0.4 loaded (major 246)
[    1.718436] io scheduler noop registered
[    1.724269] io scheduler deadline registered
[    1.727177] io scheduler cfq registered (default)
[    1.731134] ACPI: AC Adapter [AC] (off-line)
[    1.734863] input: Power Button as /devices/LNXSYSTM:00/LNXPWRBN:00/input/input0
[    1.739013] ACPI: Power Button [PWRF]
[    1.740708] input: Sleep Button as /devices/LNXSYSTM:00/LNXSLPBN:00/input/input1
[    1.743815] ACPI: Sleep Button [SLPF]
[    1.746841] Serial: 8250/16550 driver, 32 ports, IRQ sharing enabled
[    1.748297] ACPI: Battery Slot [BAT0] (battery present)
[    1.778880] 00:02: ttyS0 at I/O 0x3f8 (irq = 4, base_baud = 115200) is a 16550A
[    1.785928] Linux agpgart interface v0.103
[    1.792937] loop: module loaded
[    1.796070] scsi host0: ata_piix
[    1.798293] scsi host1: ata_piix
[    1.800440] ata1: PATA max UDMA/33 cmd 0x1f0 ctl 0x3f6 bmdma 0xd000 irq 14
[    1.804152] ata2: PATA max UDMA/33 cmd 0x170 ctl 0x376 bmdma 0xd008 irq 15
[    1.807703] libphy: Fixed MDIO Bus: probed
[    1.811594] tun: Universal TUN/TAP device driver, 1.6
[    1.816148] PPP generic driver version 2.4.2
[    1.818571] ehci_hcd: USB 2.0 'Enhanced' Host Controller (EHCI) Driver
[    1.822024] ehci-pci: EHCI PCI platform driver
[    1.824893] ehci-platform: EHCI generic platform driver
[    1.827633] ohci_hcd: USB 1.1 'Open' Host Controller (OHCI) Driver
[    1.831521] ohci-pci: OHCI PCI platform driver
[    1.833893] ohci-platform: OHCI generic platform driver
[    1.836723] uhci_hcd: USB Universal Host Controller Interface driver
[    1.840496] i8042: PNP: PS/2 Controller [PNP0303:PS2K,PNP0f03:PS2M] at 0x60,0x64 irq 1,12
[    1.846436] serio: i8042 KBD port at 0x60,0x64 irq 1
[    1.849408] serio: i8042 AUX port at 0x60,0x64 irq 12
[    1.852116] mousedev: PS/2 mouse device common for all mice
[    1.855901] rtc_cmos rtc_cmos: rtc core: registered rtc_cmos as rtc0
[    1.859200] rtc_cmos rtc_cmos: alarms up to one day, 114 bytes nvram
[    1.862556] input: AT Translated Set 2 keyboard as /devices/platform/i8042/serio0/input/input2
[    1.866912] i2c /dev entries driver
[    1.868985] device-mapper: uevent: version 1.0.3
[    1.871738] device-mapper: ioctl: 4.37.0-ioctl (2017-09-20) initialised: dm-devel@redhat.com
[    1.876461] ledtrig-cpu: registered to indicate activity on CPUs
[    1.880819] NET: Registered protocol family 10
[    1.893599] Segment Routing with IPv6
[    1.895911] NET: Registered protocol family 17
[    1.898540] Key type dns_resolver registered
[    1.901597] mce: Using 0 MCE banks
[    1.903437] RAS: Correctable Errors collector initialized.
[    1.906214] sched_clock: Marking stable (1906175754, 0)->(2406213031, -500037277)
[    1.911450] registered taskstats version 1
[    1.913652] Loading compiled-in X.509 certificates
[    1.921294] Loaded X.509 cert 'Build time autogenerated kernel key: 244b473b43e18b01f00e37a87f2ecd28620f0244'
[    1.926405] zswap: loaded using pool lzo/zbud
[    1.938523] Key type big_key registered
[    1.941049] Key type trusted registered
[    1.947916] Key type encrypted registered
[    1.950075] AppArmor: AppArmor sha1 policy hashing enabled
[    1.952756] ima: No TPM chip found, activating TPM-bypass! (rc=-19)
[    1.955979] ima: Allocated hash algorithm: sha1
[    1.958357] evm: HMAC attrs: 0x1
[    1.960688]   Magic number: 0:958:296
[    1.962679] tty tty29: hash matches
[    1.964820] rtc_cmos rtc_cmos: setting system clock to 2020-08-28 20:17:02 UTC (1598645822)
[    1.984114] BIOS EDD facility v0.16 2004-Jun-25, 0 devices found
[    1.987271] EDD information not available.
[    2.003712] Freeing unused kernel image memory: 2432K
[    2.159039] Write protecting the kernel read-only data: 20480k
[    2.161671] Freeing unused kernel image memory: 2008K
[    2.163484] Freeing unused kernel image memory: 1880K
[    2.177150] x86/mm: Checked W+X mappings: passed, no W+X pages found.
[    2.179021] x86/mm: Checking user space page tables
[    2.194303] x86/mm: Checked W+X mappings: passed, no W+X pages found.
Loading, please wait...
starting version 237
[    2.433610] e1000: Intel(R) PRO/1000 Network Driver - version 7.3.21-k8-NAPI
[    2.437386] e1000: Copyright (c) 1999-2006 Intel Corporation.
[    2.441348] Fusion MPT base driver 3.04.20
[    2.444759] Copyright (c) 1999-2008 LSI Corporation
[    2.466746] AVX2 version of gcm_enc/dec engaged.
[    2.469235] AES CTR mode by8 optimization enabled
[    2.499859] Fusion MPT SPI Host driver 3.04.20
[    2.704405] input: ImExPS/2 Generic Explorer Mouse as /devices/platform/i8042/serio1/input/input4
[    3.201771] e1000 0000:00:03.0 eth0: (PCI:33MHz:32-bit) 02:11:54:e5:40:72
[    3.204668] e1000 0000:00:03.0 eth0: Intel(R) PRO/1000 Network Connection
[    3.211431] e1000 0000:00:03.0 enp0s3: renamed from eth0
[    3.212215] mptbase: ioc0: Initiating bringup
[    3.320355] ioc0: LSI53C1030 A0: Capabilities={Initiator}
[    3.570922] scsi host2: ioc0: LSI53C1030 A0, FwRev=00000000h, Ports=1, MaxQ=256, IRQ=20
[    3.745735] scsi 2:0:0:0: Direct-Access     VBOX     HARDDISK         1.0  PQ: 0 ANSI: 5
[    4.171621] scsi target2:0:0: Beginning Domain Validation
[    4.185038] scsi target2:0:0: Domain Validation skipping write tests
[    4.191101] scsi target2:0:0: Ending Domain Validation
[    4.196349] scsi target2:0:0: asynchronous
[    4.203669] scsi 2:0:1:0: Direct-Access     VBOX     HARDDISK         1.0  PQ: 0 ANSI: 5
[    5.017668] scsi target2:0:1: Beginning Domain Validation
[    5.025609] random: fast init done
[    5.034399] scsi target2:0:1: Domain Validation skipping write tests
[    5.040024] scsi target2:0:1: Ending Domain Validation
[    5.045298] scsi target2:0:1: asynchronous
[    5.070647] random: systemd-udevd: uninitialized urandom read (16 bytes read)
[    5.070785] sd 2:0:0:0: Attached scsi generic sg0 type 0
[    5.077148] random: systemd-udevd: uninitialized urandom read (16 bytes read)
[    5.088678] random: systemd-udevd: uninitialized urandom read (16 bytes read)
[    5.090254] sd 2:0:1:0: [sdb] 20480 512-byte logical blocks: (10.5 MB/10.0 MiB)
[    5.102178] sd 2:0:1:0: Attached scsi generic sg1 type 0
[    5.107521] sd 2:0:0:0: [sda] 20971520 512-byte logical blocks: (10.7 GB/10.0 GiB)
[    5.107591] sd 2:0:1:0: [sdb] Write Protect is off
[    5.119475] sd 2:0:0:0: [sda] Write Protect is off
[    5.124662] sd 2:0:1:0: [sdb] Incomplete mode parameter data
[    5.129986] sd 2:0:1:0: [sdb] Assuming drive cache: write through
[    5.135647] sd 2:0:0:0: [sda] Incomplete mode parameter data
[    5.139215] sd 2:0:0:0: [sda] Assuming drive cache: write through
[    5.278237]  sda: sda1
[    5.284575] sd 2:0:1:0: [sdb] Attached SCSI disk
[    5.290854] sd 2:0:0:0: [sda] Attached SCSI disk
Begin: Loading essential drivers ... [    8.184517] raid6: sse2x1   gen()  4739 MB/s
[    8.232050] raid6: sse2x1   xor()  3506 MB/s
[    8.280831] raid6: sse2x2   gen()  5899 MB/s
[    8.328224] raid6: sse2x2   xor()  3303 MB/s
[    8.376045] raid6: sse2x4   gen()  5142 MB/s
[    8.424365] raid6: sse2x4   xor()  4659 MB/s
[    8.472817] raid6: avx2x1   gen()  6771 MB/s
[    8.520509] raid6: avx2x1   xor()  6639 MB/s
[    8.568251] raid6: avx2x2   gen()  8663 MB/s
[    8.616366] raid6: avx2x2   xor()  6852 MB/s
[    8.664618] raid6: avx2x4   gen() 13565 MB/s
[    8.712163] raid6: avx2x4   xor()  7825 MB/s
[    8.714471] raid6: using algorithm avx2x4 gen() 13565 MB/s
[    8.717481] raid6: .... xor() 7825 MB/s, rmw enabled
[    8.720288] raid6: using avx2x2 recovery algorithm
[    8.725627] xor: automatically using best checksumming function   avx       
[    8.730860] async_tx: api initialized (async)
done.
Begin: Running /scripts/init-premount ... done.
Begin: Mounting root file system ... Begin: Running /scripts/local-top ... done.
Begin: Running /scripts/local-premount ... [    8.831866] Btrfs loaded, crc32c=crc32c-intel
Scanning for Btrfs filesystems
done.
Warning: fsck not present, so skipping root file system
[    9.133521] EXT4-fs (sda1): mounted filesystem with ordered data mode. Opts: (null)
done.
Begin: Running /scripts/local-bottom ... done.
Begin: Running /scripts/init-bottom ... done.
[   11.700200] random: crng init done
[   11.705003] random: 7 urandom warning(s) missed due to ratelimiting
[   29.449925] ip_tables: (C) 2000-2006 Netfilter Core Team
[   29.550703] systemd[1]: systemd 237 running in system mode. (+PAM +AUDIT +SELINUX +IMA +APPARMOR +SMACK +SYSVINIT +UTMP +LIBCRYPTSETUP +GCRYPT +GNUTLS +ACL +XZ +LZ4 +SECCOMP +BLKID +ELFUTILS +KMOD -IDN2 +IDN -PCRE2 default-hierarchy=hybrid)
[   29.561210] systemd[1]: Detected virtualization oracle.
[   29.563987] systemd[1]: Detected architecture x86-64.

Welcome to [1mUbuntu 18.04.4 LTS[0m!

[   29.607766] systemd[1]: Set hostname to <ubuntu>.
[   29.644044] systemd[1]: Initializing machine ID from random generator.
[   29.647373] systemd[1]: Installed transient /etc/machine-id file.
[   31.393829] systemd[1]: Created slice User and Session Slice.
[[0;32m  OK  [0m] Created slice User and Session Slice.
[   31.397936] systemd[1]: Created slice System Slice.
[[0;32m  OK  [0m] Created slice System Slice.
[   31.400314] systemd[1]: Listening on LVM2 poll daemon socket.
[[0;32m  OK  [0m] Listening on LVM2 poll daemon socket.
[   31.403210] systemd[1]: Reached target Slices.
[[0;32m  OK  [0m] Reached target Slices.
[[0;32m  OK  [0m] Listening on Network Service Netlink Socket.
[[0;32m  OK  [0m] Listening on /dev/initctl Compatibility Named Pipe.
[[0;32m  OK  [0m] Listening on udev Control Socket.
[[0;32m  OK  [0m] Listening on udev Kernel Socket.
[[0;32m  OK  [0m] Listening on Syslog Socket.
[[0;32m  OK  [0m] Listening on LVM2 metadata daemon socket.
[[0;32m  OK  [0m] Reached target System Time Synchronized.
[[0;32m  OK  [0m] Reached target User and Group Name Lookups.
[[0;32m  OK  [0m] Listening on Journal Socket (/dev/log).
[[0;32m  OK  [0m] Set up automount Arbitrary Executabâ€¦rmats File System Automount Point.
[[0;32m  OK  [0m] Listening on Device-mapper event daemon FIFOs.
[[0;32m  OK  [0m] Created slice system-serial\x2dgetty.slice.
[[0;32m  OK  [0m] Listening on Journal Audit Socket.
[[0;32m  OK  [0m] Started Forward Password Requests to Wall Directory Watch.
[[0;32m  OK  [0m] Reached target Swap.
[[0;32m  OK  [0m] Listening on Journal Socket.
         Mounting POSIX Message Queue File System...
         Starting udev Coldplug all Devices...
         Starting Set the console keyboard layout...
         Starting Remount Root and Kernel File Systems...
         Starting Create list of required stâ€¦ce nodes for the current kernel...
         Starting Load Kernel Modules...
         Starting Journal Service...
         Starting Uncomplicated firewall...
[   31.695984] EXT4-fs (sda1): re-mounted. Opts: (null)
         Mounting Huge Pages File System...
         Starting Monitoring of LVM2 mirrorsâ€¦ng dmeventd or progress polling...
         Mounting Kernel Debug File System...
[[0;32m  OK  [0m] Mounted POSIX Message Queue File System.
[[0;32m  OK  [0m] Started Remount Root and Kernel File Systems.
[[0;32m  OK  [0m] Started Create list of required staâ€¦vice nodes for the current kernel.
         Starting Create Static Device Nodes in /dev...
[   31.786995] Loading iSCSI transport class v2.0-870.
         Starting Load/Save Random Seed...
[[0;32m  OK  [0m] Started Uncomplicated firewall.
[[0;32m  OK  [0m] Mounted Huge Pages File System.
[[0;32m  OK  [0m] Mounted Kernel Debug File System.
[[0;32m  OK  [0m] Started udev Coldplug all Devices.
[   32.593697] iscsi: registered transport (tcp)
[[0;32m  OK  [0m] Started Journal Service.
         Starting Flush Journal to Persistent Storage...
[[0;32m  OK  [0m] Started Load/Save Random Seed.
[   32.890380] systemd-journald[394]: Received request to flush runtime journal from PID 1
[[0;32m  OK  [0m] Started Create Static Device Nodes in /dev.
         Starting udev Kernel Device Manager...
[   33.402745] iscsi: registered transport (iser)
[[0;32m  OK  [0m] Started Load Kernel Modules.
         Starting Apply Kernel Variables...
         Mounting Kernel Configuration File System...
         Mounting FUSE Control File System...
[[0;32m  OK  [0m] Mounted Kernel Configuration File System.
[[0;32m  OK  [0m] Mounted FUSE Control File System.
[[0;32m  OK  [0m] Started LVM2 metadata daemon.
[[0;32m  OK  [0m] Started Flush Journal to Persistent Storage.
[[0;32m  OK  [0m] Started udev Kernel Device Manager.
[[0;32m  OK  [0m] Started Apply Kernel Variables.
[[0;32m  OK  [0m] Started Monitoring of LVM2 mirrors,â€¦sing dmeventd or progress polling.
[[0;32m  OK  [0m] Found device /dev/ttyS0.
[[0;32m  OK  [0m] Listening on Load/Save RF Kill Switch Status /dev/rfkill Watch.
[[0;32m  OK  [0m] Started Set the console keyboard layout.
[[0;32m  OK  [0m] Reached target Local File Systems (Pre).
[[0;32m  OK  [0m] Reached target Local File Systems.
         Starting Set console font and keymap...
         Starting AppArmor initialization...
         Starting Tell Plymouth To Write Out Runtime Data...
         Starting Commit a transient machine-id on disk...
         Starting Create Volatile Files and Directories...
         Starting ebtables ruleset management...
[[0;32m  OK  [0m] Started Dispatch Password Requests to Console Directory Watch.
[[0;32m  OK  [0m] Reached target Local Encrypted Volumes.
[[0;32m  OK  [0m] Started Set console font and keymap.
[[0;32m  OK  [0m] Started Tell Plymouth To Write Out Runtime Data.
[[0;32m  OK  [0m] Started Create Volatile Files and Directories.
         Starting Update UTMP about System Boot/Shutdown...
[[0;32m  OK  [0m] Started Update UTMP about System Boot/Shutdown.
[[0;32m  OK  [0m] Started Commit a transient machine-id on disk.
[[0;32m  OK  [0m] Started ebtables ruleset management.
[[0;32m  OK  [0m] Started AppArmor initialization.
         Starting Initial cloud-init job (pre-networking)...
[   79.026450] cloud-init[670]: Cloud-init v. 19.4-33-gbb4131a2-0ubuntu1~18.04.1 running 'init-local' at Fri, 28 Aug 2020 20:18:08 +0000. Up 68.34 seconds.
[[0;32m  OK  [0m] Started Initial cloud-init job (pre-networking).
[[0;32m  OK  [0m] Reached target Network (Pre).
         Starting Network Service...
[[0;32m  OK  [0m] Started Network Service.
         Starting Wait for Network to be Configured...
         Starting Network Name Resolution...
[[0;32m  OK  [0m] Started Network Name Resolution.
[[0;32m  OK  [0m] Reached target Host and Network Name Lookups.
[[0;32m  OK  [0m] Reached target Network.
[[0;32m  OK  [0m] Started Wait for Network to be Configured.
         Starting Initial cloud-init job (metadata service crawler)...
[   83.844024] cloud-init[793]: Cloud-init v. 19.4-33-gbb4131a2-0ubuntu1~18.04.1 running 'init' at Fri, 28 Aug 2020 20:18:23 +0000. Up 82.49 seconds.
[   83.847028] cloud-init[793]: ci-info: ++++++++++++++++++++++++++++++++++++++Net device info++++++++++++++++++++++++++++++++++++++
[   83.860994] cloud-init[793]: ci-info: +--------+------+----------------------------+---------------+--------+-------------------+
[   83.872995] cloud-init[793]: ci-info: | Device |  Up  |          Address           |      Mask     | Scope  |     Hw-Address    |
[   83.875605] cloud-init[793]: ci-info: +--------+------+----------------------------+---------------+--------+-------------------+
[   83.877894] cloud-init[793]: ci-info: | enp0s3 | True |         10.0.2.15          | 255.255.255.0 | global | 02:11:54:e5:40:72 |
[   83.880356] cloud-init[793]: ci-info: | enp0s3 | True | fe80::11:54ff:fee5:4072/64 |       .       |  link  | 02:11:54:e5:40:72 |
[   83.883145] cloud-init[793]: ci-info: |   lo   | True |         127.0.0.1          |   255.0.0.0   |  host  |         .         |
[   83.906350] cloud-init[793]: ci-info: |   lo   | True |          ::1/128           |       .       |  host  |         .         |
[   83.922548] cloud-init[793]: ci-info: +--------+------+----------------------------+---------------+--------+-------------------+
[   83.936498] cloud-init[793]: ci-info: ++++++++++++++++++++++++++++Route IPv4 info+++++++++++++++++++++++++++++
[   83.939400] cloud-init[793]: ci-info: +-------+-------------+----------+-----------------+-----------+-------+
[   83.963308] cloud-init[793]: ci-info: | Route | Destination | Gateway  |     Genmask     | Interface | Flags |
[   83.977380] cloud-init[793]: ci-info: +-------+-------------+----------+-----------------+-----------+-------+
[   83.981787] cloud-init[793]: ci-info: |   0   |   0.0.0.0   | 10.0.2.2 |     0.0.0.0     |   enp0s3  |   UG  |
[   83.995231] cloud-init[793]: ci-info: |   1   |   10.0.2.0  | 0.0.0.0  |  255.255.255.0  |   enp0s3  |   U   |
[   84.002174] cloud-init[793]: ci-info: |   2   |   10.0.2.2  | 0.0.0.0  | 255.255.255.255 |   enp0s3  |   UH  |
[   84.016489] cloud-init[793]: ci-info: +-------+-------------+----------+-----------------+-----------+-------+
[   84.018514] cloud-init[793]: ci-info: +++++++++++++++++++Route IPv6 info+++++++++++++++++++
[   84.028298] cloud-init[793]: ci-info: +-------+-------------+---------+-----------+-------+
[   84.041082] cloud-init[793]: ci-info: | Route | Destination | Gateway | Interface | Flags |
[   84.042352] cloud-init[793]: ci-info: +-------+-------------+---------+-----------+-------+
[   84.043896] cloud-init[793]: ci-info: |   1   |  fe80::/64  |    ::   |   enp0s3  |   U   |
[   84.056642] cloud-init[793]: ci-info: |   3   |    local    |    ::   |   enp0s3  |   U   |
[   84.058355] cloud-init[793]: ci-info: |   4   |   ff00::/8  |    ::   |   enp0s3  |   U   |
[   84.060416] cloud-init[793]: ci-info: +-------+-------------+---------+-----------+-------+
[   88.116443] cloud-init[793]: Generating public/private rsa key pair.
[   88.117838] cloud-init[793]: Your identification has been saved in /etc/ssh/ssh_host_rsa_key.
[   88.119301] cloud-init[793]: Your public key has been saved in /etc/ssh/ssh_host_rsa_key.pub.
[   88.121837] cloud-init[793]: The key fingerprint is:
[   88.122793] cloud-init[793]: SHA256:dbk637k3a5+cAweNSHVN7rErkA4ortkGq7W7NEGX9Ew root@ubuntu-bionic
[   88.125221] cloud-init[793]: The key's randomart image is:
[   88.126528] cloud-init[793]: +---[RSA 2048]----+
[   88.127445] cloud-init[793]: |     . E    .. oo|
[   88.128418] cloud-init[793]: |    . =    . ....|
[   88.129814] cloud-init[793]: |   . o o  o + o..|
[   88.131168] cloud-init[793]: |  . .   .. o.+ oo|
[   88.132018] cloud-init[793]: |   . . .S. o. ...|
[   88.133025] cloud-init[793]: |   .o .   o... ..|
[   88.144592] cloud-init[793]: |   +o.    o. .o. |
[   88.156299] cloud-init[793]: |  o.*.     o .o=+|
[   88.169003] cloud-init[793]: | ..*+.      . =B*|
[   88.180269] cloud-init[793]: +----[SHA256]-----+
[   88.196276] cloud-init[793]: Generating public/private dsa key pair.
[   88.197742] cloud-init[793]: Your identification has been saved in /etc/ssh/ssh_host_dsa_key.
[   88.199571] cloud-init[793]: Your public key has been saved in /etc/ssh/ssh_host_dsa_key.pub.
[   88.201581] cloud-init[793]: The key fingerprint is:
[   88.202875] cloud-init[793]: SHA256:YU0Cst07PU9rUsWbKp5bkUo+9j+OHGpsNgAZmTLI7/w root@ubuntu-bionic
[   88.205810] cloud-init[793]: The key's randomart image is:
[   88.207033] cloud-init[793]: +---[DSA 1024]----+
[   88.208257] cloud-init[793]: | . .. .+. .      |
[   88.209532] cloud-init[793]: |  o o++. +   .   |
[   88.210933] cloud-init[793]: |   ..o.o+ .   o  |
[   88.212257] cloud-init[793]: |    . o. +   o o |
[   88.213497] cloud-init[793]: |   o   .S + = o  |
[   88.214254] cloud-init[793]: |    o   .+ * +   |
[   88.215201] cloud-init[793]: |     .   oB B    |
[   88.224229] cloud-init[793]: |      E  o*@ o.  |
[   88.225386] cloud-init[793]: |         +=o+oo. |
[   88.236255] cloud-init[793]: +----[SHA256]-----+
[[0;32m  OK  [0m] Started Initial cloud-init job (metadata service crawler).
[[0;32m  OK  [0m] Reached target Cloud-config availability.
[[0;32m  OK  [0m] Reached target Network is Online.
[   88.254964] cloud-init[793]: Generating public/private ecdsa key pair.
[   88.270771] cloud-init[793]: Your identification has been saved in /etc/ssh/ssh_host_ecdsa_key.
[   88.272016] cloud-init[793]: Your public key has been saved in /etc/ssh/ssh_host_ecdsa_key.pub.
[   88.273660] cloud-init[793]: The key fingerprint is:
         Starting Availability of block devices...
[[0;32m  OK  [0m] Reached target Remote File Systems (Pre).
[[0;32m  OK  [0m] Reached target Remote File Systems.
[[0;32m  OK  [0m] Reached target System Initialization.
[[0;32m  OK  [0m] Listening on D-Bus System Message Bus Socket.
[   88.291184] cloud-init[793]: SHA256:YrR7fgy9TJR1KR+xR0+uSpYbskj4iHFqgut6s7gy5/o root@ubuntu-bionic
[   88.298398] cloud-init[793]: The key's randomart image is:
[   88.299172] cloud-init[793]: +---[ECDSA 256]---+
[   88.308568] cloud-init[793]: |              .oo|
[   88.309535] cloud-init[793]: |            o +=.|
         Starting LXD - unix socket.
[   88.329861] cloud-init[793]: |      .    o +..+|
         Starting Socket activation for snappy daemon.
[[0;32m  OK  [0m] Started Daily apt download activities.
[[0;32m  OK  [0m] Listening on Open-iSCSI iscsid Socket.
[[0;32m  OK  [0m] Started Discard unused blocks once a week.
[[0;32m  OK  [0m] Started Daily Cleanup of Temporary Directories.
[[0;32m  OK  [0m] Started Daily apt upgrade and clean activities.
[[0;32m  OK  [0m] Started ACPI Events Check.
[[0;32m  OK  [0m] Reached target Paths.
[[0;32m  OK  [0m] Listening on UUID daemon activation socket.
[[0;32m  OK  [0m] Listening on ACPID Listen Socket.
[[0;32m  OK  [0m] Started Message of the Day.
[[0;32m  OK  [0m] Reached target Timers.
[[0;32m  OK  [0m] Started Availability of block devices.
[[0;32m  OK  [0m] Listening on LXD - unix socket.
[[0;32m  OK  [0m] Listening on Socket activation for snappy daemon.
[[0;32m  OK  [0m] Reached target Sockets.
[[0;32m  OK  [0m] Reached target Basic System.
         Starting LSB: automatic crash report generation...
[   88.360288] cloud-init[793]: |     . o  o  ..o |
         Starting Pollinate to seed the pseudo random number generator...
[[0;32m  OK  [0m] Started D-Bus System Message Bus.
[   88.373997] cloud-init[793]: |    . * So. = .  |
[   88.383183] cloud-init[793]: | .   * *..o= +   |
[   88.384533] cloud-init[793]: |. . + o +=..o    |
[   88.386157] cloud-init[793]: |oo+o   o  =      |
[   88.388243] cloud-init[793]: |XXEo    ..       |
[   88.389764] cloud-init[793]: +----[SHA256]-----+
[   88.392476] cloud-init[793]: Generating public/private ed25519 key pair.
[   88.394118] cloud-init[793]: Your identification has been saved in /etc/ssh/ssh_host_ed25519_key.
[   88.400172] cloud-init[793]: Your public key has been saved in /etc/ssh/ssh_host_ed25519_key.pub.
[   88.412342] cloud-init[793]: The key fingerprint is:
[   88.413855] cloud-init[793]: SHA256:UUqqGibE31r4il5af9+uZyrEyv5UApyb9/fbjXD5aQU root@ubuntu-bionic
[   88.415775] cloud-init[793]: The key's randomart image is:
[   88.418629] cloud-init[793]: +--[ED25519 256]--+
[   88.421108] cloud-init[793]: |        . .      |
[   88.423794] cloud-init[793]: |.   . .o o       |
[   88.436534] cloud-init[793]: | o   +. o        |
[   88.448673] cloud-init[793]: |. . o.+  .    E  |
[   88.449418] cloud-init[793]: |. oo.=.oS.     . |
[   88.450128] cloud-init[793]: | o o+ .o+      ..|
[   88.451000] cloud-init[793]: |  .+..o. . .. o .|
[   88.451609] cloud-init[793]: |  = oo.o  oo.o.+o|
[   88.452698] cloud-init[793]: |.+ ..oo.o+*o o+oo|
[   88.464691] cloud-init[793]: +----[SHA256]-----+
         Starting Login Service...
         Starting LSB: Record successful boot for GRUB...
[[0;32m  OK  [0m] Started Regular background program processing daemon.
         Starting Permit User Sessions...
[[0;32m  OK  [0m] Started irqbalance daemon.
[[0;32m  OK  [0m] Started Deferred execution scheduler.
         Starting Dispatcher daemon for systemd-networkd...
         Starting System Logging Service...
         Starting Snappy daemon...
         Starting Virtualbox guest utils...
         Starting Accounts Service...
[[0;32m  OK  [0m] Started FUSE filesystem for LXC.
         Starting LXD - container startup/shutdown...
[[0;32m  OK  [0m] Started Permit User Sessions.
[[0;32m  OK  [0m] Started Login Service.
[[0;32m  OK  [0m] Started Unattended Upgrades Shutdown.
         Starting Hold until boot process finishes up...
         Starting Terminate Plymouth Boot Screen...
[[0;32m  OK  [0m] Started Hold until boot process finishes up.
[[0;32m  OK  [0m] Started Serial Getty on ttyS0.
         Starting Set console scheme...
[[0;32m  OK  [0m] Started Terminate Plymouth Boot Screen.
[[0;32m  OK  [0m] Started Set console scheme.
[[0;32m  OK  [0m] Created slice system-getty.slice.
[[0;32m  OK  [0m] Started Getty on tty1.
[[0;32m  OK  [0m] Reached target Login Prompts.
[[0;32m  OK  [0m] Started LSB: automatic crash report generation.
[[0;32m  OK  [0m] Started LSB: Record successful boot for GRUB.
[[0;32m  OK  [0m] Started System Logging Service.
         Starting Authorization Manager...
[[0;32m  OK  [0m] Started Virtualbox guest utils.
[[0;32m  OK  [0m] Started Dispatcher daemon for systemd-networkd.
[[0;32m  OK  [0m] Started Authorization Manager.
[[0;32m  OK  [0m] Started Accounts Service.

Ubuntu 18.04.4 LTS ubuntu-bionic ttyS0

ubuntu-bionic login: [  106.189381] cloud-init[1537]: Cloud-init v. 19.4-33-gbb4131a2-0ubuntu1~18.04.1 running 'modules:config' at Fri, 28 Aug 2020 20:18:44 +0000. Up 103.94 seconds.
ci-info: no authorized SSH keys fingerprints found for user ubuntu.
<14>Aug 28 20:18:48 ec2: 
<14>Aug 28 20:18:48 ec2: #############################################################
<14>Aug 28 20:18:48 ec2: -----BEGIN SSH HOST KEY FINGERPRINTS-----
<14>Aug 28 20:18:48 ec2: 1024 SHA256:YU0Cst07PU9rUsWbKp5bkUo+9j+OHGpsNgAZmTLI7/w root@ubuntu-bionic (DSA)
<14>Aug 28 20:18:48 ec2: 256 SHA256:YrR7fgy9TJR1KR+xR0+uSpYbskj4iHFqgut6s7gy5/o root@ubuntu-bionic (ECDSA)
<14>Aug 28 20:18:48 ec2: 256 SHA256:UUqqGibE31r4il5af9+uZyrEyv5UApyb9/fbjXD5aQU root@ubuntu-bionic (ED25519)
<14>Aug 28 20:18:48 ec2: 2048 SHA256:dbk637k3a5+cAweNSHVN7rErkA4ortkGq7W7NEGX9Ew root@ubuntu-bionic (RSA)
<14>Aug 28 20:18:48 ec2: -----END SSH HOST KEY FINGERPRINTS-----
<14>Aug 28 20:18:48 ec2: #############################################################
-----BEGIN SSH HOST KEY KEYS-----
ecdsa-sha2-nistp256 AAAAE2VjZHNhLXNoYTItbmlzdHAyNTYAAAAIbmlzdHAyNTYAAABBBC79bnkmY7T5ad1zujS3W+NRQK7Mie/UO6+lZcG9RyKivdw8Lye+bq8adrB+3RwKlrPEVqDSVx4zuEITb4edf5g= root@ubuntu-bionic
ssh-ed25519 AAAAC3NzaC1lZDI1NTE5AAAAIF/h9IUUW2SDUJreT5K5Tfb4tmL+SxzeMMyn0UWzByJP root@ubuntu-bionic
ssh-rsa AAAAB3NzaC1yc2EAAAADAQABAAABAQDRnMSGBbwc+X47zG81U6Uwo9zqEPCTZUZQHGZLGqc6Yr2uMquD23ZnPmUAfF24xJa5AZ348WvE0Vx6Mw/xIR/XW3wnlXFH6ED2HQVW8GwODVQIPWvdlBIOYcoxxa+UsnWuFtdMEIVyk8PqLnlDg8QuEQ7q6EnF9l+yMVfogqXdi4uG59UNdj6G+mT4AxF7CGEBRiLney3nVSJjEdrW90ece0GJ3JIZLpYCubsER3HhfLohFBvUoEMdRMCCCsfydlgIUdQrbFKulGXFbv1TWs+fQwY8VFN/Sq/lwayDkgOt8h8UIkJ0SyIdmVyVi6mRTJY1+HOhMgrqXb8viuakTPlV root@ubuntu-bionic
-----END SSH HOST KEY KEYS-----
[  107.839656] cloud-init[1731]: Cloud-init v. 19.4-33-gbb4131a2-0ubuntu1~18.04.1 running 'modules:final' at Fri, 28 Aug 2020 20:18:47 +0000. Up 107.32 seconds.
[  107.844555] cloud-init[1731]: ci-info: no authorized SSH keys fingerprints found for user ubuntu.
[  107.849473] cloud-init[1731]: Cloud-init v. 19.4-33-gbb4131a2-0ubuntu1~18.04.1 finished at Fri, 28 Aug 2020 20:18:48 +0000. Datasource DataSourceNoCloud [seed=/dev/sdb][dsmode=net].  Up 107.81 seconds
